2026-09-01T18:56:04.548-03:00  INFO 16272 --- [blogBackend] [restartedMain] b.c.f._.j.b.BlogBackendApplication       : Starting BlogBackendApplication using Java 21.0.8 with PID 16272 (C:\Users\Alan Baitola\Downloads\JavaAdvanced2026\java-advanced\2026_fiap_2tdspa_java_advanced\blogBackend\target\classes started by Alan Baitola in C:\Users\Alan Baitola\Downloads\JavaAdvanced2026\java-advanced\2026_fiap_2tdspa_java_advanced)
2026-09-01T18:56:04.551-03:00 DEBUG 16272 --- [blogBackend] [restartedMain] b.c.f._.j.b.BlogBackendApplication       : Running with Spring Boot v4.1.0, Spring v7.0.8
2026-09-01T18:56:04.552-03:00  INFO 16272 --- [blogBackend] [restartedMain] b.c.f._.j.b.BlogBackendApplication       : No active profile set, falling back to 1 default profile: "default"
2026-09-01T18:56:04.615-03:00  INFO 16272 --- [blogBackend] [restartedMain] o.s.b.devtools.restart.ChangeableUrls    : The Class-Path manifest attribute in C:\Users\Alan Baitola\.m2\repository\com\oracle\database\jdbc\ojdbc11\23.26.2.0.0\ojdbc11-23.26.2.0.0.jar referenced one or more files that do not exist: file:/C:/Users/Alan%20Baitola/.m2/repository/com/oracle/database/jdbc/ojdbc11/23.26.2.0.0/oraclepki.jar
2026-09-01T18:56:04.615-03:00  INFO 16272 --- [blogBackend] [restartedMain] .e.DevToolsPropertyDefaultsPostProcessor : Devtools property defaults active! Set 'spring.devtools.add-properties' to 'false' to disable
2026-09-01T18:56:04.615-03:00  INFO 16272 --- [blogBackend] [restartedMain] .e.DevToolsPropertyDefaultsPostProcessor : For additional web related logging consider setting the 'logging.level.web' property to 'DEBUG'
2026-09-01T18:56:05.208-03:00  INFO 16272 --- [blogBackend] [restartedMain] .s.d.r.c.RepositoryConfigurationDelegate : Bootstrapping Spring Data JPA repositories in DEFAULT mode.
2026-09-01T18:56:05.265-03:00  INFO 16272 --- [blogBackend] [restartedMain] .s.d.r.c.RepositoryConfigurationDelegate : Finished Spring Data repository scanning in 48 ms. Found 5 JPA repository interfaces.
2026-09-01T18:56:05.742-03:00  INFO 16272 --- [blogBackend] [restartedMain] o.s.boot.tomcat.TomcatWebServer          : Tomcat initialized with port 8080 (http)
2026-09-01T18:56:05.757-03:00  INFO 16272 --- [blogBackend] [restartedMain] o.apache.catalina.core.StandardService   : Starting service [Tomcat]
2026-09-01T18:56:05.758-03:00  INFO 16272 --- [blogBackend] [restartedMain] o.apache.catalina.core.StandardEngine    : Starting Servlet engine: [Apache Tomcat/11.0.22]
2026-09-01T18:56:05.800-03:00  INFO 16272 --- [blogBackend] [restartedMain] b.w.c.s.WebApplicationContextInitializer : Root WebApplicationContext: initialization completed in 1183 ms
2026-09-01T18:56:05.956-03:00  INFO 16272 --- [blogBackend] [restartedMain] org.hibernate.orm.jpa                    : HHH008540: Processing PersistenceUnitInfo [name: default]
2026-09-01T18:56:06.015-03:00  INFO 16272 --- [blogBackend] [restartedMain] org.hibernate.orm.core                   : HHH000001: Hibernate ORM core version 7.4.1.Final
2026-09-01T18:56:06.452-03:00  INFO 16272 --- [blogBackend] [restartedMain] o.s.o.j.p.SpringPersistenceUnitInfo      : No LoadTimeWeaver setup: ignoring JPA class transformer
2026-09-01T18:56:06.488-03:00  INFO 16272 --- [blogBackend] [restartedMain] com.zaxxer.hikari.HikariDataSource       : SpringBootHikariCP - Starting...
2026-09-01T18:56:06.713-03:00  INFO 16272 --- [blogBackend] [restartedMain] com.zaxxer.hikari.pool.HikariPool        : SpringBootHikariCP - Added connection conn0: url=jdbc:h2:mem:testdb user=SA
2026-09-01T18:56:06.715-03:00  INFO 16272 --- [blogBackend] [restartedMain] com.zaxxer.hikari.HikariDataSource       : SpringBootHikariCP - Start completed.
2026-09-01T18:56:06.770-03:00  INFO 16272 --- [blogBackend] [restartedMain] org.hibernate.orm.connections.pooling    : HHH10001005: Database info:
	Database JDBC URL [jdbc:h2:mem:testdb]
	Database driver: H2 JDBC Driver
	Database dialect: H2Dialect
	Database version: 2.4.240
	Default catalog/schema: TESTDB/PUBLIC
	Autocommit mode: undefined/unknown
	Isolation level: READ_COMMITTED [default READ_COMMITTED]
	JDBC fetch size: 100
	Pool: DataSourceConnectionProvider
	Minimum pool size: undefined/unknown
	Maximum pool size: undefined/unknown
2026-09-01T18:56:07.830-03:00  INFO 16272 --- [blogBackend] [restartedMain] org.hibernate.orm.core                   : HHH000489: No JTA platform available (set 'hibernate.transaction.jta.platform' to enable JTA platform integration)
2026-09-01T18:56:07.840-03:00  INFO 16272 --- [blogBackend] [restartedMain] org.hibernate.orm.jdbc.batch             : HHH100501: Automatic JDBC statement batching enabled (maximum batch size 20)
2026-09-01T18:56:07.859-03:00 DEBUG 16272 --- [blogBackend] [restartedMain] org.hibernate.SQL                        : 
    drop table if exists sys001_user cascade 
2026-09-01T18:56:07.861-03:00 DEBUG 16272 --- [blogBackend] [restartedMain] org.hibernate.SQL                        : 
    drop table if exists sys002_profiles cascade 
2026-09-01T18:56:07.861-03:00 DEBUG 16272 --- [blogBackend] [restartedMain] org.hibernate.SQL                        : 
    drop table if exists sys003_posts cascade 
2026-09-01T18:56:07.861-03:00 DEBUG 16272 --- [blogBackend] [restartedMain] org.hibernate.SQL                        : 
    drop table if exists sys004_tag cascade 
2026-09-01T18:56:07.862-03:00 DEBUG 16272 --- [blogBackend] [restartedMain] org.hibernate.SQL                        : 
    drop table if exists sys006_posts_tags cascade 
2026-09-01T18:56:07.862-03:00 DEBUG 16272 --- [blogBackend] [restartedMain] org.hibernate.SQL                        : 
    drop table if exists sys007_role cascade 
2026-09-01T18:56:07.862-03:00 DEBUG 16272 --- [blogBackend] [restartedMain] org.hibernate.SQL                        : 
    drop table if exists sys008_system_users_roles cascade 
2026-09-01T18:56:07.866-03:00 DEBUG 16272 --- [blogBackend] [restartedMain] org.hibernate.SQL                        : 
    create table sys001_user (
        id uuid not null,
        password varchar(20) not null,
        email varchar(60) not null,
        name varchar(60) not null,
        primary key (id)
    )
2026-09-01T18:56:07.873-03:00 DEBUG 16272 --- [blogBackend] [restartedMain] org.hibernate.SQL                        : 
    create table sys002_profiles (
        id uuid not null,
        user_id uuid unique,
        biography varchar(255),
        picture varchar(255),
        primary key (id)
    )
2026-09-01T18:56:07.876-03:00 DEBUG 16272 --- [blogBackend] [restartedMain] org.hibernate.SQL                        : 
    create table sys003_posts (
        id uuid not null,
        user_id uuid,
        title varchar(60) not null,
        content varchar(255),
        primary key (id)
    )
2026-09-01T18:56:07.878-03:00 DEBUG 16272 --- [blogBackend] [restartedMain] org.hibernate.SQL                        : 
    create table sys004_tag (
        name varchar(15) not null,
        id uuid not null,
        primary key (id)
    )
2026-09-01T18:56:07.879-03:00 DEBUG 16272 --- [blogBackend] [restartedMain] org.hibernate.SQL                        : 
    create table sys006_posts_tags (
        post_id uuid not null,
        tag_id uuid not null,
        primary key (post_id, tag_id)
    )
2026-09-01T18:56:07.881-03:00 DEBUG 16272 --- [blogBackend] [restartedMain] org.hibernate.SQL                        : 
    create table sys007_role (
        name varchar(15) not null,
        id uuid not null,
        primary key (id)
    )
2026-09-01T18:56:07.882-03:00 DEBUG 16272 --- [blogBackend] [restartedMain] org.hibernate.SQL                        : 
    create table sys008_system_users_roles (
        role_id uuid not null,
        user_id uuid not null,
        primary key (role_id, user_id)
    )
2026-09-01T18:56:07.883-03:00 DEBUG 16272 --- [blogBackend] [restartedMain] org.hibernate.SQL                        : 
    alter table if exists sys002_profiles 
       add constraint FKk2etle2j4opydcp3bkjiu0ybi 
       foreign key (user_id) 
       references sys001_user
2026-09-01T18:56:07.896-03:00 DEBUG 16272 --- [blogBackend] [restartedMain] org.hibernate.SQL                        : 
    alter table if exists sys003_posts 
       add constraint FKfla4j75s2o1p8gb626fk1ox0e 
       foreign key (user_id) 
       references sys001_user
2026-09-01T18:56:07.899-03:00 DEBUG 16272 --- [blogBackend] [restartedMain] org.hibernate.SQL                        : 
    alter table if exists sys006_posts_tags 
       add constraint FK3c89x3lab6nyv46as92cr1095 
       foreign key (tag_id) 
       references sys004_tag
2026-09-01T18:56:07.901-03:00 DEBUG 16272 --- [blogBackend] [restartedMain] org.hibernate.SQL                        : 
    alter table if exists sys006_posts_tags 
       add constraint FKnugvv045a69eo0av7l6bf0wxb 
       foreign key (post_id) 
       references sys003_posts
2026-09-01T18:56:07.903-03:00 DEBUG 16272 --- [blogBackend] [restartedMain] org.hibernate.SQL                        : 
    alter table if exists sys008_system_users_roles 
       add constraint FK7764bafqgpryyv1pfrfxsmqb0 
       foreign key (role_id) 
       references sys007_role
2026-09-01T18:56:07.904-03:00 DEBUG 16272 --- [blogBackend] [restartedMain] org.hibernate.SQL                        : 
    alter table if exists sys008_system_users_roles 
       add constraint FKn49uakpvmtdqe7tni5ihg663e 
       foreign key (user_id) 
       references sys001_user
2026-09-01T18:56:07.908-03:00  INFO 16272 --- [blogBackend] [restartedMain] j.LocalContainerEntityManagerFactoryBean : Initialized JPA EntityManagerFactory for persistence unit 'default'
2026-09-01T18:56:07.967-03:00  WARN 16272 --- [blogBackend] [restartedMain] JpaBaseConfiguration$JpaWebConfiguration : spring.jpa.open-in-view is enabled by default. Therefore, database queries may be performed during view rendering. Explicitly configure spring.jpa.open-in-view to disable this warning
2026-09-01T18:56:08.292-03:00  INFO 16272 --- [blogBackend] [restartedMain] o.s.d.j.r.query.QueryEnhancerFactories   : Hibernate is in classpath; If applicable, HQL parser will be used.
2026-09-01T18:56:08.508-03:00  INFO 16272 --- [blogBackend] [restartedMain] o.s.b.h.a.H2ConsoleAutoConfiguration     : H2 console available at '/console'. Database available at 'jdbc:h2:mem:testdb'
2026-09-01T18:56:08.563-03:00  INFO 16272 --- [blogBackend] [restartedMain] o.a.c.c.C.[Tomcat].[localhost].[/]       : Initializing Spring DispatcherServlet 'dispatcherServlet'
2026-09-01T18:56:08.563-03:00  INFO 16272 --- [blogBackend] [restartedMain] o.s.web.servlet.DispatcherServlet        : Initializing Servlet 'dispatcherServlet'
2026-09-01T18:56:08.565-03:00  INFO 16272 --- [blogBackend] [restartedMain] o.s.web.servlet.DispatcherServlet        : Completed initialization in 2 ms
2026-09-01T18:56:08.566-03:00  INFO 16272 --- [blogBackend] [restartedMain] o.s.boot.tomcat.TomcatWebServer          : Tomcat started on port 8080 (http) with context path '/'
2026-09-01T18:56:08.571-03:00  INFO 16272 --- [blogBackend] [restartedMain] b.c.f._.j.b.BlogBackendApplication       : Started BlogBackendApplication in 4.519 seconds (process running for 5.205)
2026-09-01T18:56:24.435-03:00  INFO 16272 --- [blogBackend] [SpringApplicationShutdownHook] o.s.boot.tomcat.GracefulShutdown         : Commencing graceful shutdown. Waiting for active requests to complete
2026-09-01T18:56:24.441-03:00  INFO 16272 --- [blogBackend] [tomcat-shutdown] o.s.boot.tomcat.GracefulShutdown         : Graceful shutdown complete
2026-09-01T18:56:24.445-03:00  INFO 16272 --- [blogBackend] [SpringApplicationShutdownHook] j.LocalContainerEntityManagerFactoryBean : Closing JPA EntityManagerFactory for persistence unit 'default'
2026-09-01T18:56:24.445-03:00 DEBUG 16272 --- [blogBackend] [SpringApplicationShutdownHook] org.hibernate.SQL                        : 
    drop table if exists sys001_user cascade 
2026-09-01T18:56:24.447-03:00 DEBUG 16272 --- [blogBackend] [SpringApplicationShutdownHook] org.hibernate.SQL                        : 
    drop table if exists sys002_profiles cascade 
2026-09-01T18:56:24.447-03:00 DEBUG 16272 --- [blogBackend] [SpringApplicationShutdownHook] org.hibernate.SQL                        : 
    drop table if exists sys003_posts cascade 
2026-09-01T18:56:24.448-03:00 DEBUG 16272 --- [blogBackend] [SpringApplicationShutdownHook] org.hibernate.SQL                        : 
    drop table if exists sys004_tag cascade 
2026-09-01T18:56:24.449-03:00 DEBUG 16272 --- [blogBackend] [SpringApplicationShutdownHook] org.hibernate.SQL                        : 
    drop table if exists sys006_posts_tags cascade 
2026-09-01T18:56:24.450-03:00 DEBUG 16272 --- [blogBackend] [SpringApplicationShutdownHook] org.hibernate.SQL                        : 
    drop table if exists sys007_role cascade 
2026-09-01T18:56:24.450-03:00 DEBUG 16272 --- [blogBackend] [SpringApplicationShutdownHook] org.hibernate.SQL                        : 
    drop table if exists sys008_system_users_roles cascade 
2026-09-01T18:56:24.455-03:00  WARN 16272 --- [blogBackend] [SpringApplicationShutdownHook] o.s.b.f.support.DisposableBeanAdapter    : Invocation of destroy method failed on bean with name 'inMemoryDatabaseShutdownExecutor': org.h2.jdbc.JdbcSQLNonTransientConnectionException: Database is already closed (to disable automatic closing at VM shutdown, add ";DB_CLOSE_ON_EXIT=FALSE" to the db URL) [90121-240]
2026-09-01T18:56:24.456-03:00  INFO 16272 --- [blogBackend] [SpringApplicationShutdownHook] com.zaxxer.hikari.HikariDataSource       : SpringBootHikariCP - Shutdown initiated...
2026-09-01T18:56:24.457-03:00  INFO 16272 --- [blogBackend] [SpringApplicationShutdownHook] com.zaxxer.hikari.HikariDataSource       : SpringBootHikariCP - Shutdown completed.
